Archive member included because of file (symbol)

c:/winavr-20100110/bin/../lib/gcc/avr/4.3.3/avr5\libgcc.a(_mulsi3.o)
                              ./MCAL/Timer0/TIMER0_prg.o (__mulsi3)
c:/winavr-20100110/bin/../lib/gcc/avr/4.3.3/avr5\libgcc.a(_udivmodqi4.o)
                              ./MCAL/PORT/Port_prg.o (__udivmodqi4)
c:/winavr-20100110/bin/../lib/gcc/avr/4.3.3/avr5\libgcc.a(_udivmodhi4.o)
                              ./MCAL/Timer1/TIMER1_prg.o (__udivmodhi4)
c:/winavr-20100110/bin/../lib/gcc/avr/4.3.3/avr5\libgcc.a(_divmodhi4.o)
                              ./MCAL/Timer1/TIMER1_prg.o (__divmodhi4)
c:/winavr-20100110/bin/../lib/gcc/avr/4.3.3/avr5\libgcc.a(_udivmodsi4.o)
                              ./MCAL/Timer1/TIMER1_prg.o (__udivmodsi4)
c:/winavr-20100110/bin/../lib/gcc/avr/4.3.3/avr5\libgcc.a(_divmodsi4.o)
                              ./MCAL/Timer0/TIMER0_prg.o (__divmodsi4)
c:/winavr-20100110/bin/../lib/gcc/avr/4.3.3/avr5\libgcc.a(_exit.o)
                              c:/winavr-20100110/bin/../lib/gcc/avr/4.3.3/../../../../avr/lib/avr5/crtm32.o (exit)
c:/winavr-20100110/bin/../lib/gcc/avr/4.3.3/avr5\libgcc.a(_copy_data.o)
                              ./MCAL/Timer0/TIMER0_prg.o (__do_copy_data)
c:/winavr-20100110/bin/../lib/gcc/avr/4.3.3/avr5\libgcc.a(_clear_bss.o)
                              ./MCAL/UART/UART_prg.o (__do_clear_bss)
c:/winavr-20100110/bin/../lib/gcc/avr/4.3.3/avr5\libgcc.a(_fixunssfsi.o)
                              ./MCAL/Timer1/TIMER1_prg.o (__fixunssfsi)
c:/winavr-20100110/bin/../lib/gcc/avr/4.3.3/avr5\libgcc.a(_addsub_sf.o)
                              c:/winavr-20100110/bin/../lib/gcc/avr/4.3.3/avr5\libgcc.a(_fixunssfsi.o) (__subsf3)
c:/winavr-20100110/bin/../lib/gcc/avr/4.3.3/avr5\libgcc.a(_mul_sf.o)
                              ./HAL/MQTT/MQTT.o (__mulsf3)
c:/winavr-20100110/bin/../lib/gcc/avr/4.3.3/avr5\libgcc.a(_div_sf.o)
                              ./MCAL/Timer1/TIMER1_prg.o (__divsf3)
c:/winavr-20100110/bin/../lib/gcc/avr/4.3.3/avr5\libgcc.a(_gt_sf.o)
                              ./HAL/MQTT/MQTT.o (__gtsf2)
c:/winavr-20100110/bin/../lib/gcc/avr/4.3.3/avr5\libgcc.a(_ge_sf.o)
                              c:/winavr-20100110/bin/../lib/gcc/avr/4.3.3/avr5\libgcc.a(_fixunssfsi.o) (__gesf2)
c:/winavr-20100110/bin/../lib/gcc/avr/4.3.3/avr5\libgcc.a(_lt_sf.o)
                              ./HAL/MQTT/MQTT.o (__ltsf2)
c:/winavr-20100110/bin/../lib/gcc/avr/4.3.3/avr5\libgcc.a(_sf_to_si.o)
                              c:/winavr-20100110/bin/../lib/gcc/avr/4.3.3/avr5\libgcc.a(_fixunssfsi.o) (__fixsfsi)
c:/winavr-20100110/bin/../lib/gcc/avr/4.3.3/avr5\libgcc.a(_thenan_sf.o)
                              c:/winavr-20100110/bin/../lib/gcc/avr/4.3.3/avr5\libgcc.a(_addsub_sf.o) (__thenan_sf)
c:/winavr-20100110/bin/../lib/gcc/avr/4.3.3/avr5\libgcc.a(_usi_to_sf.o)
                              ./MCAL/Timer1/TIMER1_prg.o (__floatunsisf)
c:/winavr-20100110/bin/../lib/gcc/avr/4.3.3/avr5\libgcc.a(_prologue.o)
                              c:/winavr-20100110/bin/../lib/gcc/avr/4.3.3/avr5\libgcc.a(_addsub_sf.o) (__prologue_saves__)
c:/winavr-20100110/bin/../lib/gcc/avr/4.3.3/avr5\libgcc.a(_epilogue.o)
                              c:/winavr-20100110/bin/../lib/gcc/avr/4.3.3/avr5\libgcc.a(_addsub_sf.o) (__epilogue_restores__)
c:/winavr-20100110/bin/../lib/gcc/avr/4.3.3/avr5\libgcc.a(_clzsi2.o)
                              c:/winavr-20100110/bin/../lib/gcc/avr/4.3.3/avr5\libgcc.a(_usi_to_sf.o) (__clzsi2)
c:/winavr-20100110/bin/../lib/gcc/avr/4.3.3/avr5\libgcc.a(_pack_sf.o)
                              c:/winavr-20100110/bin/../lib/gcc/avr/4.3.3/avr5\libgcc.a(_addsub_sf.o) (__pack_f)
c:/winavr-20100110/bin/../lib/gcc/avr/4.3.3/avr5\libgcc.a(_unpack_sf.o)
                              c:/winavr-20100110/bin/../lib/gcc/avr/4.3.3/avr5\libgcc.a(_addsub_sf.o) (__unpack_f)
c:/winavr-20100110/bin/../lib/gcc/avr/4.3.3/avr5\libgcc.a(_fpcmp_parts_sf.o)
                              c:/winavr-20100110/bin/../lib/gcc/avr/4.3.3/avr5\libgcc.a(_gt_sf.o) (__fpcmp_parts_f)
c:/winavr-20100110/bin/../lib/gcc/avr/4.3.3/avr5\libgcc.a(_clz.o)
                              c:/winavr-20100110/bin/../lib/gcc/avr/4.3.3/avr5\libgcc.a(_clzsi2.o) (__clz_tab)
c:/winavr-20100110/bin/../lib/gcc/avr/4.3.3/../../../../avr/lib/avr5\libc.a(memset.o)
                              ./HAL/ESP8266/ESP8266_prg.o (memset)
c:/winavr-20100110/bin/../lib/gcc/avr/4.3.3/../../../../avr/lib/avr5\libc.a(strcpy.o)
                              ./HAL/ESP8266/ESP8266_prg.o (strcpy)
c:/winavr-20100110/bin/../lib/gcc/avr/4.3.3/../../../../avr/lib/avr5\libc.a(strlen.o)
                              ./HAL/MQTT/MQTT.o (strlen)
c:/winavr-20100110/bin/../lib/gcc/avr/4.3.3/../../../../avr/lib/avr5\libc.a(strstr.o)
                              ./HAL/ESP8266/ESP8266_prg.o (strstr)
c:/winavr-20100110/bin/../lib/gcc/avr/4.3.3/../../../../avr/lib/avr5\libc.a(itoa.o)
                              ./HAL/ESP8266/ESP8266_prg.o (itoa)
c:/winavr-20100110/bin/../lib/gcc/avr/4.3.3/../../../../avr/lib/avr5\libc.a(sprintf.o)
                              ./APP/app.o (sprintf)
c:/winavr-20100110/bin/../lib/gcc/avr/4.3.3/../../../../avr/lib/avr5\libc.a(vfprintf_std.o)
                              c:/winavr-20100110/bin/../lib/gcc/avr/4.3.3/../../../../avr/lib/avr5\libc.a(sprintf.o) (vfprintf)
c:/winavr-20100110/bin/../lib/gcc/avr/4.3.3/../../../../avr/lib/avr5\libc.a(strnlen_P.o)
                              c:/winavr-20100110/bin/../lib/gcc/avr/4.3.3/../../../../avr/lib/avr5\libc.a(vfprintf_std.o) (strnlen_P)
c:/winavr-20100110/bin/../lib/gcc/avr/4.3.3/../../../../avr/lib/avr5\libc.a(strnlen.o)
                              c:/winavr-20100110/bin/../lib/gcc/avr/4.3.3/../../../../avr/lib/avr5\libc.a(vfprintf_std.o) (strnlen)
c:/winavr-20100110/bin/../lib/gcc/avr/4.3.3/../../../../avr/lib/avr5\libc.a(strrev.o)
                              c:/winavr-20100110/bin/../lib/gcc/avr/4.3.3/../../../../avr/lib/avr5\libc.a(itoa.o) (strrev)
c:/winavr-20100110/bin/../lib/gcc/avr/4.3.3/../../../../avr/lib/avr5\libc.a(fputc.o)
                              c:/winavr-20100110/bin/../lib/gcc/avr/4.3.3/../../../../avr/lib/avr5\libc.a(vfprintf_std.o) (fputc)
c:/winavr-20100110/bin/../lib/gcc/avr/4.3.3/../../../../avr/lib/avr5\libc.a(ultoa_invert.o)
                              c:/winavr-20100110/bin/../lib/gcc/avr/4.3.3/../../../../avr/lib/avr5\libc.a(vfprintf_std.o) (__ultoa_invert)

Allocating common symbols
Common symbol       size              file

x                   0x1               ./HAL/ESP8266/ESP8266_prg.o
RESPONSE_BUFFER     0x64              ./HAL/ESP8266/ESP8266_prg.o
copy_RESPONSE_BUFFER
                    0x64              ./HAL/ESP8266/ESP8266_prg.o
RX_DATA             0x1               ./HAL/ESP8266/ESP8266_prg.o

Memory Configuration

Name             Origin             Length             Attributes
text             0x00000000         0x00020000         xr
data             0x00800060         0x0000ffa0         rw !x
eeprom           0x00810000         0x00010000         rw !x
fuse             0x00820000         0x00000400         rw !x
lock             0x00830000         0x00000400         rw !x
signature        0x00840000         0x00000400         rw !x
*default*        0x00000000         0xffffffff

Linker script and memory map

LOAD c:/winavr-20100110/bin/../lib/gcc/avr/4.3.3/../../../../avr/lib/avr5/crtm32.o
LOAD ./MCAL/UART/UART_prg.o
LOAD ./MCAL/Timer1/TIMER1_prg.o
LOAD ./MCAL/Timer0/TIMER0_prg.o
LOAD ./MCAL/PORT/Port_prg.o
LOAD ./MCAL/Global_Interrupt/GI_prg.o
LOAD ./MCAL/EXTI/EXTI_prg.o
LOAD ./MCAL/DIO/Dio_prg.o
LOAD ./MCAL/ADC/ADC_prg.o
LOAD ./HAL/MQTT/MQTT.o
LOAD ./HAL/LM35/LM35_prg.o
LOAD ./HAL/LED/LED_prg.o
LOAD ./HAL/LDR/LDR_prg.o
LOAD ./HAL/LCD/LCD_prg.o
LOAD ./HAL/ESP8266/ESP8266_prg.o
LOAD ./HAL/DC_Motor/DC_MOTOR_prg.o
LOAD ./CONFIG/ADC_Lcfg.o
LOAD ./CONFIG/Dio_Lcfg.o
LOAD ./CONFIG/ESP8266_Lcfg.o
LOAD ./CONFIG/EXTI_Lcfg.o
LOAD ./CONFIG/LCD_Lcfg.o
LOAD ./CONFIG/LDR_Lcfg.o
LOAD ./CONFIG/LED_Lcfg.o
LOAD ./CONFIG/Port_Lcfg.o
LOAD ./CONFIG/TIEMR1_Lcfg.o
LOAD ./CONFIG/TIMER0_Lcfg.o
LOAD ./CONFIG/UART_Lcfg.o
LOAD ./APP/app.o
LOAD ./APP/main.o
LOAD c:/winavr-20100110/bin/../lib/gcc/avr/4.3.3/avr5\libgcc.a
LOAD c:/winavr-20100110/bin/../lib/gcc/avr/4.3.3/../../../../avr/lib/avr5\libc.a
LOAD c:/winavr-20100110/bin/../lib/gcc/avr/4.3.3/avr5\libgcc.a

.hash
 *(.hash)

.dynsym
 *(.dynsym)

.dynstr
 *(.dynstr)

.gnu.version
 *(.gnu.version)

.gnu.version_d
 *(.gnu.version_d)

.gnu.version_r
 *(.gnu.version_r)

.rel.init
 *(.rel.init)

.rela.init
 *(.rela.init)

.rel.text
 *(.rel.text)
 *(.rel.text.*)
 *(.rel.gnu.linkonce.t*)

.rela.text
 *(.rela.text)
 *(.rela.text.*)
 *(.rela.gnu.linkonce.t*)

.rel.fini
 *(.rel.fini)

.rela.fini
 *(.rela.fini)

.rel.rodata
 *(.rel.rodata)
 *(.rel.rodata.*)
 *(.rel.gnu.linkonce.r*)

.rela.rodata
 *(.rela.rodata)
 *(.rela.rodata.*)
 *(.rela.gnu.linkonce.r*)

.rel.data
 *(.rel.data)
 *(.rel.data.*)
 *(.rel.gnu.linkonce.d*)

.rela.data
 *(.rela.data)
 *(.rela.data.*)
 *(.rela.gnu.linkonce.d*)

.rel.ctors
 *(.rel.ctors)

.rela.ctors
 *(.rela.ctors)

.rel.dtors
 *(.rel.dtors)

.rela.dtors
 *(.rela.dtors)

.rel.got
 *(.rel.got)

.rela.got
 *(.rela.got)

.rel.bss
 *(.rel.bss)

.rela.bss
 *(.rela.bss)

.rel.plt
 *(.rel.plt)

.rela.plt
 *(.rela.plt)

.text           0x00000000     0x6afe
 *(.vectors)
 .vectors       0x00000000       0x54 c:/winavr-20100110/bin/../lib/gcc/avr/4.3.3/../../../../avr/lib/avr5/crtm32.o
                0x00000000                __vectors
                0x00000000                __vector_default
 *(.vectors)
 *(.progmem.gcc*)
 *(.progmem*)
                0x00000054                . = ALIGN (0x2)
                0x00000054                __trampolines_start = .
 *(.trampolines)
 .trampolines   0x00000054        0x0 linker stubs
 *(.trampolines*)
                0x00000054                __trampolines_end = .
 *(.jumptables)
 *(.jumptables*)
 *(.lowtext)
 *(.lowtext*)
                0x00000054                __ctors_start = .
 *(.ctors)
                0x00000054                __ctors_end = .
                0x00000054                __dtors_start = .
 *(.dtors)
                0x00000054                __dtors_end = .
 SORT(*)(.ctors)
 SORT(*)(.dtors)
 *(.init0)
 .init0         0x00000054        0x0 c:/winavr-20100110/bin/../lib/gcc/avr/4.3.3/../../../../avr/lib/avr5/crtm32.o
                0x00000054                __init
 *(.init0)
 *(.init1)
 *(.init1)
 *(.init2)
 .init2         0x00000054        0xc c:/winavr-20100110/bin/../lib/gcc/avr/4.3.3/../../../../avr/lib/avr5/crtm32.o
 *(.init2)
 *(.init3)
 *(.init3)
 *(.init4)
 .init4         0x00000060       0x16 c:/winavr-20100110/bin/../lib/gcc/avr/4.3.3/avr5\libgcc.a(_copy_data.o)
                0x00000060                __do_copy_data
 .init4         0x00000076       0x10 c:/winavr-20100110/bin/../lib/gcc/avr/4.3.3/avr5\libgcc.a(_clear_bss.o)
                0x00000076                __do_clear_bss
 *(.init4)
 *(.init5)
 *(.init5)
 *(.init6)
 *(.init6)
 *(.init7)
 *(.init7)
 *(.init8)
 *(.init8)
 *(.init9)
 .init9         0x00000086        0x8 c:/winavr-20100110/bin/../lib/gcc/avr/4.3.3/../../../../avr/lib/avr5/crtm32.o
 *(.init9)
 *(.text)
 .text          0x0000008e        0x4 c:/winavr-20100110/bin/../lib/gcc/avr/4.3.3/../../../../avr/lib/avr5/crtm32.o
                0x0000008e                __vector_12
                0x0000008e                __bad_interrupt
                0x0000008e                __vector_6
                0x0000008e                __vector_17
                0x0000008e                __vector_19
                0x0000008e                __vector_7
                0x0000008e                __vector_5
                0x0000008e                __vector_4
                0x0000008e                __vector_15
                0x0000008e                __vector_8
                0x0000008e                __vector_14
                0x0000008e                __vector_18
                0x0000008e                __vector_20
 .text          0x00000092        0x0 ./MCAL/UART/UART_prg.o
 .text          0x00000092        0x0 ./MCAL/Timer1/TIMER1_prg.o
 .text          0x00000092        0x0 ./MCAL/Timer0/TIMER0_prg.o
 .text          0x00000092        0x0 ./MCAL/PORT/Port_prg.o
 .text          0x00000092        0x0 ./MCAL/Global_Interrupt/GI_prg.o
 .text          0x00000092        0x0 ./MCAL/EXTI/EXTI_prg.o
 .text          0x00000092        0x0 ./MCAL/DIO/Dio_prg.o
 .text          0x00000092        0x0 ./MCAL/ADC/ADC_prg.o
 .text          0x00000092        0x0 ./HAL/MQTT/MQTT.o
 .text          0x00000092        0x0 ./HAL/LM35/LM35_prg.o
 .text          0x00000092        0x0 ./HAL/LED/LED_prg.o
 .text          0x00000092        0x0 ./HAL/LDR/LDR_prg.o
 .text          0x00000092        0x0 ./HAL/LCD/LCD_prg.o
 .text          0x00000092        0x0 ./HAL/ESP8266/ESP8266_prg.o
 .text          0x00000092        0x0 ./HAL/DC_Motor/DC_MOTOR_prg.o
 .text          0x00000092        0x0 ./CONFIG/ADC_Lcfg.o
 .text          0x00000092        0x0 ./CONFIG/Dio_Lcfg.o
 .text          0x00000092        0x0 ./CONFIG/ESP8266_Lcfg.o
 .text          0x00000092        0x0 ./CONFIG/EXTI_Lcfg.o
 .text          0x00000092        0x0 ./CONFIG/LCD_Lcfg.o
 .text          0x00000092        0x0 ./CONFIG/LDR_Lcfg.o
 .text          0x00000092        0x0 ./CONFIG/LED_Lcfg.o
 .text          0x00000092        0x0 ./CONFIG/Port_Lcfg.o
 .text          0x00000092        0x0 ./CONFIG/TIEMR1_Lcfg.o
 .text          0x00000092        0x0 ./CONFIG/TIMER0_Lcfg.o
 .text          0x00000092        0x0 ./CONFIG/UART_Lcfg.o
 .text          0x00000092        0x0 ./APP/app.o
 .text          0x00000092        0x0 ./APP/main.o
 .text          0x00000092        0x0 c:/winavr-20100110/bin/../lib/gcc/avr/4.3.3/avr5\libgcc.a(_mulsi3.o)
 .text          0x00000092        0x0 c:/winavr-20100110/bin/../lib/gcc/avr/4.3.3/avr5\libgcc.a(_udivmodqi4.o)
 .text          0x00000092        0x0 c:/winavr-20100110/bin/../lib/gcc/avr/4.3.3/avr5\libgcc.a(_udivmodhi4.o)
 .text          0x00000092        0x0 c:/winavr-20100110/bin/../lib/gcc/avr/4.3.3/avr5\libgcc.a(_divmodhi4.o)
 .text          0x00000092        0x0 c:/winavr-20100110/bin/../lib/gcc/avr/4.3.3/avr5\libgcc.a(_udivmodsi4.o)
 .text          0x00000092        0x0 c:/winavr-20100110/bin/../lib/gcc/avr/4.3.3/avr5\libgcc.a(_divmodsi4.o)
 .text          0x00000092        0x0 c:/winavr-20100110/bin/../lib/gcc/avr/4.3.3/avr5\libgcc.a(_exit.o)
 .text          0x00000092        0x0 c:/winavr-20100110/bin/../lib/gcc/avr/4.3.3/avr5\libgcc.a(_copy_data.o)
 .text          0x00000092        0x0 c:/winavr-20100110/bin/../lib/gcc/avr/4.3.3/avr5\libgcc.a(_clear_bss.o)
 .text          0x00000092       0x58 c:/winavr-20100110/bin/../lib/gcc/avr/4.3.3/avr5\libgcc.a(_fixunssfsi.o)
                0x00000092                __fixunssfsi
 .text          0x000000ea      0x354 c:/winavr-20100110/bin/../lib/gcc/avr/4.3.3/avr5\libgcc.a(_addsub_sf.o)
                0x00000382                __subsf3
                0x000003e4                __addsf3
 .text          0x0000043e      0x1f4 c:/winavr-20100110/bin/../lib/gcc/avr/4.3.3/avr5\libgcc.a(_mul_sf.o)
                0x0000043e                __mulsf3
 .text          0x00000632      0x158 c:/winavr-20100110/bin/../lib/gcc/avr/4.3.3/avr5\libgcc.a(_div_sf.o)
                0x00000632                __divsf3
 .text          0x0000078a       0x60 c:/winavr-20100110/bin/../lib/gcc/avr/4.3.3/avr5\libgcc.a(_gt_sf.o)
                0x0000078a                __gtsf2
 .text          0x000007ea       0x60 c:/winavr-20100110/bin/../lib/gcc/avr/4.3.3/avr5\libgcc.a(_ge_sf.o)
                0x000007ea                __gesf2
 .text          0x0000084a       0x60 c:/winavr-20100110/bin/../lib/gcc/avr/4.3.3/avr5\libgcc.a(_lt_sf.o)
                0x0000084a                __ltsf2
 .text          0x000008aa       0xa8 c:/winavr-20100110/bin/../lib/gcc/avr/4.3.3/avr5\libgcc.a(_sf_to_si.o)
                0x000008aa                __fixsfsi
 .text          0x00000952        0x0 c:/winavr-20100110/bin/../lib/gcc/avr/4.3.3/avr5\libgcc.a(_thenan_sf.o)
 .text          0x00000952       0xf2 c:/winavr-20100110/bin/../lib/gcc/avr/4.3.3/avr5\libgcc.a(_usi_to_sf.o)
                0x00000952                __floatunsisf
 .text          0x00000a44        0x0 c:/winavr-20100110/bin/../lib/gcc/avr/4.3.3/avr5\libgcc.a(_prologue.o)
 .text          0x00000a44        0x0 c:/winavr-20100110/bin/../lib/gcc/avr/4.3.3/avr5\libgcc.a(_epilogue.o)
 .text          0x00000a44       0x9e c:/winavr-20100110/bin/../lib/gcc/avr/4.3.3/avr5\libgcc.a(_clzsi2.o)
                0x00000a44                __clzsi2
 .text          0x00000ae2      0x1aa c:/winavr-20100110/bin/../lib/gcc/avr/4.3.3/avr5\libgcc.a(_pack_sf.o)
                0x00000ae2                __pack_f
 .text          0x00000c8c       0xf0 c:/winavr-20100110/bin/../lib/gcc/avr/4.3.3/avr5\libgcc.a(_unpack_sf.o)
                0x00000c8c                __unpack_f
 .text          0x00000d7c       0xb2 c:/winavr-20100110/bin/../lib/gcc/avr/4.3.3/avr5\libgcc.a(_fpcmp_parts_sf.o)
                0x00000d7c                __fpcmp_parts_f
 .text          0x00000e2e        0x0 c:/winavr-20100110/bin/../lib/gcc/avr/4.3.3/avr5\libgcc.a(_clz.o)
 .text          0x00000e2e        0x0 c:/winavr-20100110/bin/../lib/gcc/avr/4.3.3/../../../../avr/lib/avr5\libc.a(memset.o)
 .text          0x00000e2e        0x0 c:/winavr-20100110/bin/../lib/gcc/avr/4.3.3/../../../../avr/lib/avr5\libc.a(strcpy.o)
 .text          0x00000e2e        0x0 c:/winavr-20100110/bin/../lib/gcc/avr/4.3.3/../../../../avr/lib/avr5\libc.a(strlen.o)
 .text          0x00000e2e        0x0 c:/winavr-20100110/bin/../lib/gcc/avr/4.3.3/../../../../avr/lib/avr5\libc.a(strstr.o)
 .text          0x00000e2e        0x0 c:/winavr-20100110/bin/../lib/gcc/avr/4.3.3/../../../../avr/lib/avr5\libc.a(itoa.o)
 .text          0x00000e2e        0x0 c:/winavr-20100110/bin/../lib/gcc/avr/4.3.3/../../../../avr/lib/avr5\libc.a(sprintf.o)
 .text          0x00000e2e        0x0 c:/winavr-20100110/bin/../lib/gcc/avr/4.3.3/../../../../avr/lib/avr5\libc.a(vfprintf_std.o)
 .text          0x00000e2e        0x0 c:/winavr-20100110/bin/../lib/gcc/avr/4.3.3/../../../../avr/lib/avr5\libc.a(strnlen_P.o)
 .text          0x00000e2e        0x0 c:/winavr-20100110/bin/../lib/gcc/avr/4.3.3/../../../../avr/lib/avr5\libc.a(strnlen.o)
 .text          0x00000e2e        0x0 c:/winavr-20100110/bin/../lib/gcc/avr/4.3.3/../../../../avr/lib/avr5\libc.a(strrev.o)
 .text          0x00000e2e        0x0 c:/winavr-20100110/bin/../lib/gcc/avr/4.3.3/../../../../avr/lib/avr5\libc.a(fputc.o)
 .text          0x00000e2e        0x0 c:/winavr-20100110/bin/../lib/gcc/avr/4.3.3/../../../../avr/lib/avr5\libc.a(ultoa_invert.o)
                0x00000e2e                . = ALIGN (0x2)
 *(.text.*)
 .text.UART_Init
                0x00000e2e       0xa8 ./MCAL/UART/UART_prg.o
                0x00000e2e                UART_Init
 .text.UART_sendByte
                0x00000ed6       0x5c ./MCAL/UART/UART_prg.o
                0x00000ed6                UART_sendByte
 .text.UART_sendString
                0x00000f32       0x52 ./MCAL/UART/UART_prg.o
                0x00000f32                UART_sendString
 .text.UART_receiveByteSynchNonBlocking
                0x00000f84       0x1e ./MCAL/UART/UART_prg.o
                0x00000f84                UART_receiveByteSynchNonBlocking
 .text.UART_receiveByteAsynchCallBack
                0x00000fa2       0x2c ./MCAL/UART/UART_prg.o
                0x00000fa2                UART_receiveByteAsynchCallBack
 .text.UART_receiveByteInterrupt
                0x00000fce       0x24 ./MCAL/UART/UART_prg.o
                0x00000fce                UART_receiveByteInterrupt
 .text.__vector_13
                0x00000ff2       0x5a ./MCAL/UART/UART_prg.o
                0x00000ff2                __vector_13
 .text.M_TIMER1_void_Timer_Init
                0x0000104c       0xe0 ./MCAL/Timer1/TIMER1_prg.o
                0x0000104c                M_TIMER1_void_Timer_Init
 .text.M_TIMER1_void_Timer_start
                0x0000112c       0x2e ./MCAL/Timer1/TIMER1_prg.o
                0x0000112c                M_TIMER1_void_Timer_start
 .text.M_TIMER1_void_Timer_stop
                0x0000115a       0x14 ./MCAL/Timer1/TIMER1_prg.o
                0x0000115a                M_TIMER1_void_Timer_stop
 .text.M_TIMER1_void_Timer_setDelayTimeMilliSec
                0x0000116e       0xc4 ./MCAL/Timer1/TIMER1_prg.o
                0x0000116e                M_TIMER1_void_Timer_setDelayTimeMilliSec
 .text.M_TIMER1_void_EnableInt
                0x00001232       0x1c ./MCAL/Timer1/TIMER1_prg.o
                0x00001232                M_TIMER1_void_EnableInt
 .text.M_TIMER1_void_DisableInt
                0x0000124e       0x46 ./MCAL/Timer1/TIMER1_prg.o
                0x0000124e                M_TIMER1_void_DisableInt
 .text.M_TIMER1_void_OVF_setCallBack
                0x00001294       0x68 ./MCAL/Timer1/TIMER1_prg.o
                0x00001294                M_TIMER1_void_OVF_setCallBack
 .text.M_TIMER1_void_setFastPWM
                0x000012fc       0x62 ./MCAL/Timer1/TIMER1_prg.o
                0x000012fc                M_TIMER1_void_setFastPWM
 .text.__vector_9
                0x0000135e      0x104 ./MCAL/Timer1/TIMER1_prg.o
                0x0000135e                __vector_9
 .text.getIndexOfClosestPrescaler
                0x00001462       0xc2 ./MCAL/Timer0/TIMER0_prg.o
 .text.M_Timer0_void_Init
                0x00001524       0x70 ./MCAL/Timer0/TIMER0_prg.o
                0x00001524                M_Timer0_void_Init
 .text.M_Timer0_void_start
                0x00001594       0x2e ./MCAL/Timer0/TIMER0_prg.o
                0x00001594                M_Timer0_void_start
 .text.M_Timer0_void_stop
                0x000015c2       0x1c ./MCAL/Timer0/TIMER0_prg.o
                0x000015c2                M_Timer0_void_stop
 .text.M_u8_Timer_GetCounts
                0x000015de       0x14 ./MCAL/Timer0/TIMER0_prg.o
                0x000015de                M_u8_Timer_GetCounts
 .text.M_Timer0_void_EnablOverFloweInt
                0x000015f2       0x1c ./MCAL/Timer0/TIMER0_prg.o
                0x000015f2                M_Timer0_void_EnablOverFloweInt
 .text.M_Timer0_void_DisableOverFlowInt
                0x0000160e       0x1c ./MCAL/Timer0/TIMER0_prg.o
                0x0000160e                M_Timer0_void_DisableOverFlowInt
 .text.M_Timer0_void_EnabOutCompareleInt
                0x0000162a       0x1c ./MCAL/Timer0/TIMER0_prg.o
                0x0000162a                M_Timer0_void_EnabOutCompareleInt
 .text.M_Timer0_void_DisabOutCompareleInt
                0x00001646       0x1c ./MCAL/Timer0/TIMER0_prg.o
                0x00001646                M_Timer0_void_DisabOutCompareleInt
 .text.M_Timer0_void_setDelayTimeMilliSec
                0x00001662      0x19e ./MCAL/Timer0/TIMER0_prg.o
                0x00001662                M_Timer0_void_setDelayTimeMilliSec
 .text.M_Timer0_void_setOutputCompareCallBack
                0x00001800       0x24 ./MCAL/Timer0/TIMER0_prg.o
                0x00001800                M_Timer0_void_setOutputCompareCallBack
 .text.M_Timer0_void_setOverFlowCallBack
                0x00001824       0x24 ./MCAL/Timer0/TIMER0_prg.o
                0x00001824                M_Timer0_void_setOverFlowCallBack
 .text.M_Timer0_void_setFastPWM
                0x00001848       0xb8 ./MCAL/Timer0/TIMER0_prg.o
                0x00001848                M_Timer0_void_setFastPWM
 .text.M_Timer0_void_setphaseCorrectPWM
                0x00001900       0xf6 ./MCAL/Timer0/TIMER0_prg.o
                0x00001900                M_Timer0_void_setphaseCorrectPWM
 .text.__vector_11
                0x000019f6       0xd2 ./MCAL/Timer0/TIMER0_prg.o
                0x000019f6                __vector_11
 .text.__vector_10
                0x00001ac8       0x66 ./MCAL/Timer0/TIMER0_prg.o
                0x00001ac8                __vector_10
 .text.Port_Init
                0x00001b2e      0x4b4 ./MCAL/PORT/Port_prg.o
                0x00001b2e                Port_Init
 .text.M_GI_enable
                0x00001fe2       0x1c ./MCAL/Global_Interrupt/GI_prg.o
                0x00001fe2                M_GI_enable
 .text.M_GI_disable
                0x00001ffe       0x1c ./MCAL/Global_Interrupt/GI_prg.o
                0x00001ffe                M_GI_disable
 .text.M_EXTI_void_enableInt
                0x0000201a       0xc2 ./MCAL/EXTI/EXTI_prg.o
                0x0000201a                M_EXTI_void_enableInt
 .text.M_EXTI_void_disableInt
                0x000020dc       0x6e ./MCAL/EXTI/EXTI_prg.o
                0x000020dc                M_EXTI_void_disableInt
 .text.M_EXTI_void_setCallBackFunction
                0x0000214a       0x36 ./MCAL/EXTI/EXTI_prg.o
                0x0000214a                M_EXTI_void_setCallBackFunction
 .text.__vector_1
                0x00002180       0x74 ./MCAL/EXTI/EXTI_prg.o
                0x00002180                __vector_1
 .text.__vector_2
                0x000021f4       0x74 ./MCAL/EXTI/EXTI_prg.o
                0x000021f4                __vector_2
 .text.__vector_3
                0x00002268       0x74 ./MCAL/EXTI/EXTI_prg.o
                0x00002268                __vector_3
 .text.M_Dio_en_getPinValue
                0x000022dc      0x10c ./MCAL/DIO/Dio_prg.o
                0x000022dc                M_Dio_en_getPinValue
 .text.M_Dio_void_setPinValue
                0x000023e8      0x21c ./MCAL/DIO/Dio_prg.o
                0x000023e8                M_Dio_void_setPinValue
 .text.M_Dio_en_getPortValue
                0x00002604       0x84 ./MCAL/DIO/Dio_prg.o
                0x00002604                M_Dio_en_getPortValue
 .text.M_Dio_void_setPortValue
                0x00002688       0x84 ./MCAL/DIO/Dio_prg.o
                0x00002688                M_Dio_void_setPortValue
 .text.M_Dio_void_togglePinValue
                0x0000270c      0x118 ./MCAL/DIO/Dio_prg.o
                0x0000270c                M_Dio_void_togglePinValue
 .text.M_ADC_Init
                0x00002824       0xda ./MCAL/ADC/ADC_prg.o
                0x00002824                M_ADC_Init
 .text.M_ADC_getDigitalValueSynchNonBlocking
                0x000028fe       0xa6 ./MCAL/ADC/ADC_prg.o
                0x000028fe                M_ADC_getDigitalValueSynchNonBlocking
 .text.M_ADC_voidSetChannel
                0x000029a4       0x32 ./MCAL/ADC/ADC_prg.o
                0x000029a4                M_ADC_voidSetChannel
 .text.M_ADC_void_start
                0x000029d6       0x1c ./MCAL/ADC/ADC_prg.o
                0x000029d6                M_ADC_void_start
 .text.M_ADC_void_stop
                0x000029f2       0x1c ./MCAL/ADC/ADC_prg.o
                0x000029f2                M_ADC_void_stop
 .text.M_ADC_void_enable_interrupt
                0x00002a0e       0x1c ./MCAL/ADC/ADC_prg.o
                0x00002a0e                M_ADC_void_enable_interrupt
 .text.M_ADC_void_disable_interrupt
                0x00002a2a       0x1c ./MCAL/ADC/ADC_prg.o
                0x00002a2a                M_ADC_void_disable_interrupt
 .text.M_ADC_u16_read
                0x00002a46       0x6c ./MCAL/ADC/ADC_prg.o
                0x00002a46                M_ADC_u16_read
 .text.M_ADC_void_getDigitalValueAsynchCallBack
                0x00002ab2       0x4c ./MCAL/ADC/ADC_prg.o
                0x00002ab2                M_ADC_void_getDigitalValueAsynchCallBack
 .text.M_ADC_void_setCallBackFunction
                0x00002afe       0x24 ./MCAL/ADC/ADC_prg.o
                0x00002afe                M_ADC_void_setCallBackFunction
 .text.__vector_16
                0x00002b22       0x66 ./MCAL/ADC/ADC_prg.o
                0x00002b22                __vector_16
 .text.MQTT_Connect
                0x00002b88      0x1d6 ./HAL/MQTT/MQTT.o
                0x00002b88                MQTT_Connect
 .text.MQTT_Publish
                0x00002d5e      0x3a8 ./HAL/MQTT/MQTT.o
                0x00002d5e                MQTT_Publish
 .text.MQTT_Subscribe
                0x00003106      0x14c ./HAL/MQTT/MQTT.o
                0x00003106                MQTT_Subscribe
 .text.H_LM35_void_init
                0x00003252       0x16 ./HAL/LM35/LM35_prg.o
                0x00003252                H_LM35_void_init
 .text.H_LM35_s16_getTemp
                0x00003268       0xdc ./HAL/LM35/LM35_prg.o
                0x00003268                H_LM35_s16_getTemp
 .text.H_LED_voidPWM_int
                0x00003344       0x1a ./HAL/LED/LED_prg.o
                0x00003344                H_LED_voidPWM_int
 .text.H_LED_voidSetLedIntesity
                0x0000335e       0x22 ./HAL/LED/LED_prg.o
                0x0000335e                H_LED_voidSetLedIntesity
 .text.H_LED_void_turnON
                0x00003380       0x12 ./HAL/LED/LED_prg.o
                0x00003380                H_LED_void_turnON
 .text.H_LED_void_turnOFF
                0x00003392       0x1c ./HAL/LED/LED_prg.o
                0x00003392                H_LED_void_turnOFF
 .text.H_LDR_voidInit
                0x000033ae       0x16 ./HAL/LDR/LDR_prg.o
                0x000033ae                H_LDR_voidInit
 .text.H_LDR_u8GetLighteningValue
                0x000033c4       0x22 ./HAL/LDR/LDR_prg.o
                0x000033c4                H_LDR_u8GetLighteningValue
 .text.latch    0x000033e6      0x62e ./HAL/LCD/LCD_prg.o
 .text.H_LCD_void_Init
                0x00003a14      0x3aa ./HAL/LCD/LCD_prg.o
                0x00003a14                H_LCD_void_Init
 .text.H_LCD_void_sendCommand
                0x00003dbe       0x22 ./HAL/LCD/LCD_prg.o
                0x00003dbe                H_LCD_void_sendCommand
 .text.H_LCD_void_sendData
                0x00003de0       0x22 ./HAL/LCD/LCD_prg.o
                0x00003de0                H_LCD_void_sendData
 .text.H_LCD_void_sendString
                0x00003e02       0x38 ./HAL/LCD/LCD_prg.o
                0x00003e02                H_LCD_void_sendString
 .text.H_LCD_void_sendIntNum
                0x00003e3a      0x172 ./HAL/LCD/LCD_prg.o
                0x00003e3a                H_LCD_void_sendIntNum
 .text.H_LCD_void_gotoXY
                0x00003fac       0x4e ./HAL/LCD/LCD_prg.o
                0x00003fac                H_LCD_void_gotoXY
 .text.H_LCD_void_creatCustomChar
                0x00003ffa       0x70 ./HAL/LCD/LCD_prg.o
                0x00003ffa                H_LCD_void_creatCustomChar
 .text.H_LCD_void_displayCustomChar
                0x0000406a       0x1a ./HAL/LCD/LCD_prg.o
                0x0000406a                H_LCD_void_displayCustomChar
 .text.H_ESP8266_void_Init
                0x00004084      0xf80 ./HAL/ESP8266/ESP8266_prg.o
                0x00004084                H_ESP8266_void_Init
 .text.H_ESP8266_void_sendConnect
                0x00005004      0x16a ./HAL/ESP8266/ESP8266_prg.o
                0x00005004                H_ESP8266_void_sendConnect
 .text.H_ESP8266_void_sendPublish
                0x0000516e       0xc4 ./HAL/ESP8266/ESP8266_prg.o
                0x0000516e                H_ESP8266_void_sendPublish
 .text.H_ESP8266_void_sendSubscribe
                0x00005232      0x170 ./HAL/ESP8266/ESP8266_prg.o
                0x00005232                H_ESP8266_void_sendSubscribe
 .text.ConnectReceiveBuffer
                0x000053a2       0x60 ./HAL/ESP8266/ESP8266_prg.o
                0x000053a2                ConnectReceiveBuffer
 .text.SubReceiveBuffer
                0x00005402      0x1cc ./HAL/ESP8266/ESP8266_prg.o
                0x00005402                SubReceiveBuffer
 .text.Clear_REC_Buffer
                0x000055ce       0x22 ./HAL/ESP8266/ESP8266_prg.o
                0x000055ce                Clear_REC_Buffer
 .text.H_ESP_ReceiveString
                0x000055f0       0x36 ./HAL/ESP8266/ESP8266_prg.o
                0x000055f0                H_ESP_ReceiveString
 .text.UART_TEST
                0x00005626       0x3c ./HAL/ESP8266/ESP8266_prg.o
                0x00005626                UART_TEST
 .text.H_DC_MOTOR_voidInit
                0x00005662       0x2a ./HAL/DC_Motor/DC_MOTOR_prg.o
                0x00005662                H_DC_MOTOR_voidInit
 .text.H_DC_MOTOR_voidSetDutyCycle
                0x0000568c       0x1c ./HAL/DC_Motor/DC_MOTOR_prg.o
                0x0000568c                H_DC_MOTOR_voidSetDutyCycle
 .text.H_DC_MOTOR_voidStart
                0x000056a8       0x12 ./HAL/DC_Motor/DC_MOTOR_prg.o
                0x000056a8                H_DC_MOTOR_voidStart
 .text.H_DC_MOTOR_voidStop
                0x000056ba       0x16 ./HAL/DC_Motor/DC_MOTOR_prg.o
                0x000056ba                H_DC_MOTOR_voidStop
 .text.debug    0x000056d0      0x12a ./APP/app.o
                0x000056d0                debug
 .text.debugStr
                0x000057fa      0x11c ./APP/app.o
                0x000057fa                debugStr
 .text.EXT_callBack
                0x00005916       0x14 ./APP/app.o
                0x00005916                EXT_callBack
 .text.app_init
                0x0000592a       0x3e ./APP/app.o
                0x0000592a                app_init
 .text.app_start
                0x00005968      0x262 ./APP/app.o
                0x00005968                app_start
 .text.Wifi_send_temp
                0x00005bca      0x15e ./APP/app.o
                0x00005bca                Wifi_send_temp
 .text.Read_Temp
                0x00005d28       0x12 ./APP/app.o
                0x00005d28                Read_Temp
 .text.Wifi_receive_command
                0x00005d3a      0x144 ./APP/app.o
                0x00005d3a                Wifi_receive_command
 .text.Darkness_read
                0x00005e7e       0x48 ./APP/app.o
                0x00005e7e                Darkness_read
 .text.LED_ON_PWM
                0x00005ec6       0x22 ./APP/app.o
                0x00005ec6                LED_ON_PWM
 .text.turn_led_off
                0x00005ee8       0x12 ./APP/app.o
                0x00005ee8                turn_led_off
 .text.turn_MOTOR_off
                0x00005efa       0x12 ./APP/app.o
                0x00005efa                turn_MOTOR_off
 .text.turn_MOTOR_on
                0x00005f0c       0x1e ./APP/app.o
                0x00005f0c                turn_MOTOR_on
 .text.ESP01_init
                0x00005f2a      0x41c ./APP/app.o
                0x00005f2a                ESP01_init
 .text.main     0x00006346       0x22 ./APP/main.o
                0x00006346                main
 .text.libgcc   0x00006368       0x3e c:/winavr-20100110/bin/../lib/gcc/avr/4.3.3/avr5\libgcc.a(_mulsi3.o)
                0x00006368                __mulsi3
 .text.libgcc   0x000063a6       0x18 c:/winavr-20100110/bin/../lib/gcc/avr/4.3.3/avr5\libgcc.a(_udivmodqi4.o)
                0x000063a6                __udivmodqi4
 .text.libgcc   0x000063be       0x28 c:/winavr-20100110/bin/../lib/gcc/avr/4.3.3/avr5\libgcc.a(_udivmodhi4.o)
                0x000063be                __udivmodhi4
 .text.libgcc   0x000063e6       0x26 c:/winavr-20100110/bin/../lib/gcc/avr/4.3.3/avr5\libgcc.a(_divmodhi4.o)
                0x000063e6                __divmodhi4
                0x000063e6                _div
 .text.libgcc   0x0000640c       0x44 c:/winavr-20100110/bin/../lib/gcc/avr/4.3.3/avr5\libgcc.a(_udivmodsi4.o)
                0x0000640c                __udivmodsi4
 .text.libgcc   0x00006450       0x36 c:/winavr-20100110/bin/../lib/gcc/avr/4.3.3/avr5\libgcc.a(_divmodsi4.o)
                0x00006450                __divmodsi4
 .text.libgcc   0x00006486        0x0 c:/winavr-20100110/bin/../lib/gcc/avr/4.3.3/avr5\libgcc.a(_exit.o)
 .text.libgcc   0x00006486        0x0 c:/winavr-20100110/bin/../lib/gcc/avr/4.3.3/avr5\libgcc.a(_copy_data.o)
 .text.libgcc   0x00006486        0x0 c:/winavr-20100110/bin/../lib/gcc/avr/4.3.3/avr5\libgcc.a(_clear_bss.o)
 .text.libgcc   0x00006486       0x38 c:/winavr-20100110/bin/../lib/gcc/avr/4.3.3/avr5\libgcc.a(_prologue.o)
                0x00006486                __prologue_saves__
 .text.libgcc   0x000064be       0x36 c:/winavr-20100110/bin/../lib/gcc/avr/4.3.3/avr5\libgcc.a(_epilogue.o)
                0x000064be                __epilogue_restores__
 .text.avr-libc
                0x000064f4        0xe c:/winavr-20100110/bin/../lib/gcc/avr/4.3.3/../../../../avr/lib/avr5\libc.a(memset.o)
                0x000064f4                memset
 .text.avr-libc
                0x00006502        0xe c:/winavr-20100110/bin/../lib/gcc/avr/4.3.3/../../../../avr/lib/avr5\libc.a(strcpy.o)
                0x00006502                strcpy
 .text.avr-libc
                0x00006510       0x12 c:/winavr-20100110/bin/../lib/gcc/avr/4.3.3/../../../../avr/lib/avr5\libc.a(strlen.o)
                0x00006510                strlen
 .text.avr-libc
                0x00006522       0x34 c:/winavr-20100110/bin/../lib/gcc/avr/4.3.3/../../../../avr/lib/avr5\libc.a(strstr.o)
                0x00006522                strstr
 .text.avr-libc
                0x00006556       0x42 c:/winavr-20100110/bin/../lib/gcc/avr/4.3.3/../../../../avr/lib/avr5\libc.a(itoa.o)
                0x00006556                itoa
 .text.avr-libc
                0x00006598       0x48 c:/winavr-20100110/bin/../lib/gcc/avr/4.3.3/../../../../avr/lib/avr5\libc.a(sprintf.o)
                0x00006598                sprintf
 .text.avr-libc
                0x000065e0      0x3ba c:/winavr-20100110/bin/../lib/gcc/avr/4.3.3/../../../../avr/lib/avr5\libc.a(vfprintf_std.o)
                0x000065e0                vfprintf
 .text.avr-libc
                0x0000699a       0x16 c:/winavr-20100110/bin/../lib/gcc/avr/4.3.3/../../../../avr/lib/avr5\libc.a(strnlen_P.o)
                0x0000699a                strnlen_P
 .text.avr-libc
                0x000069b0       0x16 c:/winavr-20100110/bin/../lib/gcc/avr/4.3.3/../../../../avr/lib/avr5\libc.a(strnlen.o)
                0x000069b0                strnlen
 .text.avr-libc
                0x000069c6       0x20 c:/winavr-20100110/bin/../lib/gcc/avr/4.3.3/../../../../avr/lib/avr5\libc.a(strrev.o)
                0x000069c6                strrev
 .text.avr-libc
                0x000069e6       0x58 c:/winavr-20100110/bin/../lib/gcc/avr/4.3.3/../../../../avr/lib/avr5\libc.a(fputc.o)
                0x000069e6                fputc
 .text.avr-libc
                0x00006a3e       0xbc c:/winavr-20100110/bin/../lib/gcc/avr/4.3.3/../../../../avr/lib/avr5\libc.a(ultoa_invert.o)
                0x00006a3e                __ultoa_invert
                0x00006afa                . = ALIGN (0x2)
 *(.fini9)
 .fini9         0x00006afa        0x0 c:/winavr-20100110/bin/../lib/gcc/avr/4.3.3/avr5\libgcc.a(_exit.o)
                0x00006afa                exit
                0x00006afa                _exit
 *(.fini9)
 *(.fini8)
 *(.fini8)
 *(.fini7)
 *(.fini7)
 *(.fini6)
 *(.fini6)
 *(.fini5)
 *(.fini5)
 *(.fini4)
 *(.fini4)
 *(.fini3)
 *(.fini3)
 *(.fini2)
 *(.fini2)
 *(.fini1)
 *(.fini1)
 *(.fini0)
 .fini0         0x00006afa        0x4 c:/winavr-20100110/bin/../lib/gcc/avr/4.3.3/avr5\libgcc.a(_exit.o)
 *(.fini0)
                0x00006afe                _etext = .

.data           0x00800060      0x31c load address 0x00006afe
                0x00800060                PROVIDE (__data_start, .)
 *(.data)
 .data          0x00800060        0x0 c:/winavr-20100110/bin/../lib/gcc/avr/4.3.3/../../../../avr/lib/avr5/crtm32.o
 .data          0x00800060        0x0 ./MCAL/UART/UART_prg.o
 .data          0x00800060        0x0 ./MCAL/Timer1/TIMER1_prg.o
 .data          0x00800060        0x0 ./MCAL/Timer0/TIMER0_prg.o
 .data          0x00800060        0x0 ./MCAL/PORT/Port_prg.o
 .data          0x00800060        0x0 ./MCAL/Global_Interrupt/GI_prg.o
 .data          0x00800060        0x0 ./MCAL/EXTI/EXTI_prg.o
 .data          0x00800060        0x0 ./MCAL/DIO/Dio_prg.o
 .data          0x00800060        0x0 ./MCAL/ADC/ADC_prg.o
 .data          0x00800060        0x0 ./HAL/MQTT/MQTT.o
 .data          0x00800060        0x0 ./HAL/LM35/LM35_prg.o
 .data          0x00800060        0x0 ./HAL/LED/LED_prg.o
 .data          0x00800060        0x0 ./HAL/LDR/LDR_prg.o
 .data          0x00800060        0x0 ./HAL/LCD/LCD_prg.o
 .data          0x00800060       0xdf ./HAL/ESP8266/ESP8266_prg.o
 .data          0x0080013f        0x0 ./HAL/DC_Motor/DC_MOTOR_prg.o
 .data          0x0080013f        0x0 ./CONFIG/ADC_Lcfg.o
 .data          0x0080013f        0x0 ./CONFIG/Dio_Lcfg.o
 .data          0x0080013f        0x0 ./CONFIG/ESP8266_Lcfg.o
 .data          0x0080013f        0x0 ./CONFIG/EXTI_Lcfg.o
 .data          0x0080013f        0x0 ./CONFIG/LCD_Lcfg.o
 .data          0x0080013f        0x0 ./CONFIG/LDR_Lcfg.o
 .data          0x0080013f        0x0 ./CONFIG/LED_Lcfg.o
 .data          0x0080013f        0x0 ./CONFIG/Port_Lcfg.o
 .data          0x0080013f        0x0 ./CONFIG/TIEMR1_Lcfg.o
 .data          0x0080013f        0x0 ./CONFIG/TIMER0_Lcfg.o
 .data          0x0080013f        0x0 ./CONFIG/UART_Lcfg.o
 .data          0x0080013f       0xe8 ./APP/app.o
 .data          0x00800227        0x0 ./APP/main.o
 .data          0x00800227        0x0 c:/winavr-20100110/bin/../lib/gcc/avr/4.3.3/avr5\libgcc.a(_mulsi3.o)
 .data          0x00800227        0x0 c:/winavr-20100110/bin/../lib/gcc/avr/4.3.3/avr5\libgcc.a(_udivmodqi4.o)
 .data          0x00800227        0x0 c:/winavr-20100110/bin/../lib/gcc/avr/4.3.3/avr5\libgcc.a(_udivmodhi4.o)
 .data          0x00800227        0x0 c:/winavr-20100110/bin/../lib/gcc/avr/4.3.3/avr5\libgcc.a(_divmodhi4.o)
 .data          0x00800227        0x0 c:/winavr-20100110/bin/../lib/gcc/avr/4.3.3/avr5\libgcc.a(_udivmodsi4.o)
 .data          0x00800227        0x0 c:/winavr-20100110/bin/../lib/gcc/avr/4.3.3/avr5\libgcc.a(_divmodsi4.o)
 .data          0x00800227        0x0 c:/winavr-20100110/bin/../lib/gcc/avr/4.3.3/avr5\libgcc.a(_exit.o)
 .data          0x00800227        0x0 c:/winavr-20100110/bin/../lib/gcc/avr/4.3.3/avr5\libgcc.a(_copy_data.o)
 .data          0x00800227        0x0 c:/winavr-20100110/bin/../lib/gcc/avr/4.3.3/avr5\libgcc.a(_clear_bss.o)
 .data          0x00800227        0x0 c:/winavr-20100110/bin/../lib/gcc/avr/4.3.3/avr5\libgcc.a(_fixunssfsi.o)
 .data          0x00800227        0x0 c:/winavr-20100110/bin/../lib/gcc/avr/4.3.3/avr5\libgcc.a(_addsub_sf.o)
 .data          0x00800227        0x0 c:/winavr-20100110/bin/../lib/gcc/avr/4.3.3/avr5\libgcc.a(_mul_sf.o)
 .data          0x00800227        0x0 c:/winavr-20100110/bin/../lib/gcc/avr/4.3.3/avr5\libgcc.a(_div_sf.o)
 .data          0x00800227        0x0 c:/winavr-20100110/bin/../lib/gcc/avr/4.3.3/avr5\libgcc.a(_gt_sf.o)
 .data          0x00800227        0x0 c:/winavr-20100110/bin/../lib/gcc/avr/4.3.3/avr5\libgcc.a(_ge_sf.o)
 .data          0x00800227        0x0 c:/winavr-20100110/bin/../lib/gcc/avr/4.3.3/avr5\libgcc.a(_lt_sf.o)
 .data          0x00800227        0x0 c:/winavr-20100110/bin/../lib/gcc/avr/4.3.3/avr5\libgcc.a(_sf_to_si.o)
 .data          0x00800227        0x8 c:/winavr-20100110/bin/../lib/gcc/avr/4.3.3/avr5\libgcc.a(_thenan_sf.o)
                0x00800227                __thenan_sf
 .data          0x0080022f        0x0 c:/winavr-20100110/bin/../lib/gcc/avr/4.3.3/avr5\libgcc.a(_usi_to_sf.o)
 .data          0x0080022f        0x0 c:/winavr-20100110/bin/../lib/gcc/avr/4.3.3/avr5\libgcc.a(_prologue.o)
 .data          0x0080022f        0x0 c:/winavr-20100110/bin/../lib/gcc/avr/4.3.3/avr5\libgcc.a(_epilogue.o)
 .data          0x0080022f        0x0 c:/winavr-20100110/bin/../lib/gcc/avr/4.3.3/avr5\libgcc.a(_clzsi2.o)
 .data          0x0080022f        0x0 c:/winavr-20100110/bin/../lib/gcc/avr/4.3.3/avr5\libgcc.a(_pack_sf.o)
 .data          0x0080022f        0x0 c:/winavr-20100110/bin/../lib/gcc/avr/4.3.3/avr5\libgcc.a(_unpack_sf.o)
 .data          0x0080022f        0x0 c:/winavr-20100110/bin/../lib/gcc/avr/4.3.3/avr5\libgcc.a(_fpcmp_parts_sf.o)
 .data          0x0080022f      0x100 c:/winavr-20100110/bin/../lib/gcc/avr/4.3.3/avr5\libgcc.a(_clz.o)
                0x0080022f                __clz_tab
 .data          0x0080032f        0x0 c:/winavr-20100110/bin/../lib/gcc/avr/4.3.3/../../../../avr/lib/avr5\libc.a(memset.o)
 .data          0x0080032f        0x0 c:/winavr-20100110/bin/../lib/gcc/avr/4.3.3/../../../../avr/lib/avr5\libc.a(strcpy.o)
 .data          0x0080032f        0x0 c:/winavr-20100110/bin/../lib/gcc/avr/4.3.3/../../../../avr/lib/avr5\libc.a(strlen.o)
 .data          0x0080032f        0x0 c:/winavr-20100110/bin/../lib/gcc/avr/4.3.3/../../../../avr/lib/avr5\libc.a(strstr.o)
 .data          0x0080032f        0x0 c:/winavr-20100110/bin/../lib/gcc/avr/4.3.3/../../../../avr/lib/avr5\libc.a(itoa.o)
 .data          0x0080032f        0x0 c:/winavr-20100110/bin/../lib/gcc/avr/4.3.3/../../../../avr/lib/avr5\libc.a(sprintf.o)
 .data          0x0080032f        0x0 c:/winavr-20100110/bin/../lib/gcc/avr/4.3.3/../../../../avr/lib/avr5\libc.a(vfprintf_std.o)
 .data          0x0080032f        0x0 c:/winavr-20100110/bin/../lib/gcc/avr/4.3.3/../../../../avr/lib/avr5\libc.a(strnlen_P.o)
 .data          0x0080032f        0x0 c:/winavr-20100110/bin/../lib/gcc/avr/4.3.3/../../../../avr/lib/avr5\libc.a(strnlen.o)
 .data          0x0080032f        0x0 c:/winavr-20100110/bin/../lib/gcc/avr/4.3.3/../../../../avr/lib/avr5\libc.a(strrev.o)
 .data          0x0080032f        0x0 c:/winavr-20100110/bin/../lib/gcc/avr/4.3.3/../../../../avr/lib/avr5\libc.a(fputc.o)
 .data          0x0080032f        0x0 c:/winavr-20100110/bin/../lib/gcc/avr/4.3.3/../../../../avr/lib/avr5\libc.a(ultoa_invert.o)
 *(.data*)
 .data.prescaler
                0x0080032f        0xa ./MCAL/Timer0/TIMER0_prg.o
 .data.loginSuccess
                0x00800339        0x1 ./APP/app.o
 *(.rodata)
 *(.rodata*)
 .rodata.ADC_conf_LM35
                0x0080033a        0x6 ./CONFIG/ADC_Lcfg.o
                0x0080033a                ADC_conf_LM35
 .rodata.ADC_conf_LDR
                0x00800340        0x6 ./CONFIG/LDR_Lcfg.o
                0x00800340                ADC_conf_LDR
 .rodata.PORT_Config_Arr
                0x00800346       0x2c ./CONFIG/Port_Lcfg.o
                0x00800346                PORT_Config_Arr
 .rodata.TIMER1_SETTINGS_INIT
                0x00800372        0x4 ./CONFIG/TIEMR1_Lcfg.o
                0x00800372                TIMER1_SETTINGS_INIT
 .rodata.UART_Config
                0x00800376        0x6 ./CONFIG/UART_Lcfg.o
                0x00800376                UART_Config
 *(.gnu.linkonce.d*)
                0x0080037c                . = ALIGN (0x2)
                0x0080037c                _edata = .
                0x0080037c                PROVIDE (__data_end, .)

.bss            0x0080037c      0x15f
                0x0080037c                PROVIDE (__bss_start, .)
 *(.bss)
 .bss           0x0080037c        0x0 c:/winavr-20100110/bin/../lib/gcc/avr/4.3.3/../../../../avr/lib/avr5/crtm32.o
 .bss           0x0080037c        0x0 ./MCAL/UART/UART_prg.o
 .bss           0x0080037c        0x0 ./MCAL/Timer1/TIMER1_prg.o
 .bss           0x0080037c        0x0 ./MCAL/Timer0/TIMER0_prg.o
 .bss           0x0080037c        0x0 ./MCAL/PORT/Port_prg.o
 .bss           0x0080037c        0x0 ./MCAL/Global_Interrupt/GI_prg.o
 .bss           0x0080037c        0x0 ./MCAL/EXTI/EXTI_prg.o
 .bss           0x0080037c        0x0 ./MCAL/DIO/Dio_prg.o
 .bss           0x0080037c        0x0 ./MCAL/ADC/ADC_prg.o
 .bss           0x0080037c        0x0 ./HAL/MQTT/MQTT.o
 .bss           0x0080037c        0x0 ./HAL/LM35/LM35_prg.o
 .bss           0x0080037c        0x0 ./HAL/LED/LED_prg.o
 .bss           0x0080037c        0x0 ./HAL/LDR/LDR_prg.o
 .bss           0x0080037c        0x0 ./HAL/LCD/LCD_prg.o
 .bss           0x0080037c        0x0 ./HAL/ESP8266/ESP8266_prg.o
 .bss           0x0080037c        0x0 ./HAL/DC_Motor/DC_MOTOR_prg.o
 .bss           0x0080037c        0x0 ./CONFIG/ADC_Lcfg.o
 .bss           0x0080037c        0x0 ./CONFIG/Dio_Lcfg.o
 .bss           0x0080037c        0x0 ./CONFIG/ESP8266_Lcfg.o
 .bss           0x0080037c        0x0 ./CONFIG/EXTI_Lcfg.o
 .bss           0x0080037c        0x0 ./CONFIG/LCD_Lcfg.o
 .bss           0x0080037c        0x0 ./CONFIG/LDR_Lcfg.o
 .bss           0x0080037c        0x0 ./CONFIG/LED_Lcfg.o
 .bss           0x0080037c        0x0 ./CONFIG/Port_Lcfg.o
 .bss           0x0080037c        0x0 ./CONFIG/TIEMR1_Lcfg.o
 .bss           0x0080037c        0x0 ./CONFIG/TIMER0_Lcfg.o
 .bss           0x0080037c        0x0 ./CONFIG/UART_Lcfg.o
 .bss           0x0080037c        0x0 ./APP/app.o
 .bss           0x0080037c        0x0 ./APP/main.o
 .bss           0x0080037c        0x0 c:/winavr-20100110/bin/../lib/gcc/avr/4.3.3/avr5\libgcc.a(_mulsi3.o)
 .bss           0x0080037c        0x0 c:/winavr-20100110/bin/../lib/gcc/avr/4.3.3/avr5\libgcc.a(_udivmodqi4.o)
 .bss           0x0080037c        0x0 c:/winavr-20100110/bin/../lib/gcc/avr/4.3.3/avr5\libgcc.a(_udivmodhi4.o)
 .bss           0x0080037c        0x0 c:/winavr-20100110/bin/../lib/gcc/avr/4.3.3/avr5\libgcc.a(_divmodhi4.o)
 .bss           0x0080037c        0x0 c:/winavr-20100110/bin/../lib/gcc/avr/4.3.3/avr5\libgcc.a(_udivmodsi4.o)
 .bss           0x0080037c        0x0 c:/winavr-20100110/bin/../lib/gcc/avr/4.3.3/avr5\libgcc.a(_divmodsi4.o)
 .bss           0x0080037c        0x0 c:/winavr-20100110/bin/../lib/gcc/avr/4.3.3/avr5\libgcc.a(_exit.o)
 .bss           0x0080037c        0x0 c:/winavr-20100110/bin/../lib/gcc/avr/4.3.3/avr5\libgcc.a(_copy_data.o)
 .bss           0x0080037c        0x0 c:/winavr-20100110/bin/../lib/gcc/avr/4.3.3/avr5\libgcc.a(_clear_bss.o)
 .bss           0x0080037c        0x0 c:/winavr-20100110/bin/../lib/gcc/avr/4.3.3/avr5\libgcc.a(_fixunssfsi.o)
 .bss           0x0080037c        0x0 c:/winavr-20100110/bin/../lib/gcc/avr/4.3.3/avr5\libgcc.a(_addsub_sf.o)
 .bss           0x0080037c        0x0 c:/winavr-20100110/bin/../lib/gcc/avr/4.3.3/avr5\libgcc.a(_mul_sf.o)
 .bss           0x0080037c        0x0 c:/winavr-20100110/bin/../lib/gcc/avr/4.3.3/avr5\libgcc.a(_div_sf.o)
 .bss           0x0080037c        0x0 c:/winavr-20100110/bin/../lib/gcc/avr/4.3.3/avr5\libgcc.a(_gt_sf.o)
 .bss           0x0080037c        0x0 c:/winavr-20100110/bin/../lib/gcc/avr/4.3.3/avr5\libgcc.a(_ge_sf.o)
 .bss           0x0080037c        0x0 c:/winavr-20100110/bin/../lib/gcc/avr/4.3.3/avr5\libgcc.a(_lt_sf.o)
 .bss           0x0080037c        0x0 c:/winavr-20100110/bin/../lib/gcc/avr/4.3.3/avr5\libgcc.a(_sf_to_si.o)
 .bss           0x0080037c        0x0 c:/winavr-20100110/bin/../lib/gcc/avr/4.3.3/avr5\libgcc.a(_thenan_sf.o)
 .bss           0x0080037c        0x0 c:/winavr-20100110/bin/../lib/gcc/avr/4.3.3/avr5\libgcc.a(_usi_to_sf.o)
 .bss           0x0080037c        0x0 c:/winavr-20100110/bin/../lib/gcc/avr/4.3.3/avr5\libgcc.a(_prologue.o)
 .bss           0x0080037c        0x0 c:/winavr-20100110/bin/../lib/gcc/avr/4.3.3/avr5\libgcc.a(_epilogue.o)
 .bss           0x0080037c        0x0 c:/winavr-20100110/bin/../lib/gcc/avr/4.3.3/avr5\libgcc.a(_clzsi2.o)
 .bss           0x0080037c        0x0 c:/winavr-20100110/bin/../lib/gcc/avr/4.3.3/avr5\libgcc.a(_pack_sf.o)
 .bss           0x0080037c        0x0 c:/winavr-20100110/bin/../lib/gcc/avr/4.3.3/avr5\libgcc.a(_unpack_sf.o)
 .bss           0x0080037c        0x0 c:/winavr-20100110/bin/../lib/gcc/avr/4.3.3/avr5\libgcc.a(_fpcmp_parts_sf.o)
 .bss           0x0080037c        0x0 c:/winavr-20100110/bin/../lib/gcc/avr/4.3.3/avr5\libgcc.a(_clz.o)
 .bss           0x0080037c        0x0 c:/winavr-20100110/bin/../lib/gcc/avr/4.3.3/../../../../avr/lib/avr5\libc.a(memset.o)
 .bss           0x0080037c        0x0 c:/winavr-20100110/bin/../lib/gcc/avr/4.3.3/../../../../avr/lib/avr5\libc.a(strcpy.o)
 .bss           0x0080037c        0x0 c:/winavr-20100110/bin/../lib/gcc/avr/4.3.3/../../../../avr/lib/avr5\libc.a(strlen.o)
 .bss           0x0080037c        0x0 c:/winavr-20100110/bin/../lib/gcc/avr/4.3.3/../../../../avr/lib/avr5\libc.a(strstr.o)
 .bss           0x0080037c        0x0 c:/winavr-20100110/bin/../lib/gcc/avr/4.3.3/../../../../avr/lib/avr5\libc.a(itoa.o)
 .bss           0x0080037c        0x0 c:/winavr-20100110/bin/../lib/gcc/avr/4.3.3/../../../../avr/lib/avr5\libc.a(sprintf.o)
 .bss           0x0080037c        0x0 c:/winavr-20100110/bin/../lib/gcc/avr/4.3.3/../../../../avr/lib/avr5\libc.a(vfprintf_std.o)
 .bss           0x0080037c        0x0 c:/winavr-20100110/bin/../lib/gcc/avr/4.3.3/../../../../avr/lib/avr5\libc.a(strnlen_P.o)
 .bss           0x0080037c        0x0 c:/winavr-20100110/bin/../lib/gcc/avr/4.3.3/../../../../avr/lib/avr5\libc.a(strnlen.o)
 .bss           0x0080037c        0x0 c:/winavr-20100110/bin/../lib/gcc/avr/4.3.3/../../../../avr/lib/avr5\libc.a(strrev.o)
 .bss           0x0080037c        0x0 c:/winavr-20100110/bin/../lib/gcc/avr/4.3.3/../../../../avr/lib/avr5\libc.a(fputc.o)
 .bss           0x0080037c        0x0 c:/winavr-20100110/bin/../lib/gcc/avr/4.3.3/../../../../avr/lib/avr5\libc.a(ultoa_invert.o)
 *(.bss*)
 .bss.UARTRI_CallBack
                0x0080037c        0x2 ./MCAL/UART/UART_prg.o
 .bss.TIMER1_OVF_APP1_CallBack
                0x0080037e        0x2 ./MCAL/Timer1/TIMER1_prg.o
 .bss.TIMER1_OVF_APP2_CallBack
                0x00800380        0x2 ./MCAL/Timer1/TIMER1_prg.o
 .bss.TIMER1_OVF_APP3_CallBack
                0x00800382        0x2 ./MCAL/Timer1/TIMER1_prg.o
 .bss.TIMER1_OVERFLOW_COUNTER
                0x00800384        0x4 ./MCAL/Timer1/TIMER1_prg.o
                0x00800384                TIMER1_OVERFLOW_COUNTER
 .bss.BLUE_State
                0x00800388        0x1 ./MCAL/Timer1/TIMER1_prg.o
                0x00800388                BLUE_State
 .bss.TIMER1_START_COUNTS
                0x00800389        0x4 ./MCAL/Timer1/TIMER1_prg.o
                0x00800389                TIMER1_START_COUNTS
 .bss.number_of_overflows
                0x0080038d        0x4 ./MCAL/Timer0/TIMER0_prg.o
 .bss.current_number_of_overflows
                0x00800391        0x4 ./MCAL/Timer0/TIMER0_prg.o
 .bss.timer0_configs
                0x00800395        0x4 ./MCAL/Timer0/TIMER0_prg.o
 .bss.remainder
                0x00800399        0x1 ./MCAL/Timer0/TIMER0_prg.o
 .bss.pf_ovf    0x0080039a        0x2 ./MCAL/Timer0/TIMER0_prg.o
 .bss.pf_oc     0x0080039c        0x2 ./MCAL/Timer0/TIMER0_prg.o
 .bss.pf        0x0080039e        0x6 ./MCAL/EXTI/EXTI_prg.o
 .bss.pf        0x008003a4        0x2 ./MCAL/ADC/ADC_prg.o
 .bss.Counter   0x008003a6        0x1 ./HAL/ESP8266/ESP8266_prg.o
                0x008003a6                Counter
 .bss.flag_phase
                0x008003a7        0x1 ./HAL/ESP8266/ESP8266_prg.o
                0x008003a7                flag_phase
 .bss.Buffer    0x008003a8       0x64 ./HAL/ESP8266/ESP8266_prg.o
                0x008003a8                Buffer
 .bss.Times     0x0080040c        0x1 ./HAL/ESP8266/ESP8266_prg.o
                0x0080040c                Times
 .bss.Response_flag
                0x0080040d        0x1 ./HAL/ESP8266/ESP8266_prg.o
                0x0080040d                Response_flag
 .bss.ESP_Print_Flag
                0x0080040e        0x1 ./HAL/ESP8266/ESP8266_prg.o
                0x0080040e                ESP_Print_Flag
 .bss.SUB_Flag  0x0080040f        0x1 ./HAL/ESP8266/ESP8266_prg.o
                0x0080040f                SUB_Flag
 .bss.ledOn     0x00800410        0x1 ./APP/app.o
 *(COMMON)
 COMMON         0x00800411       0xca ./HAL/ESP8266/ESP8266_prg.o
                0x00800411                x
                0x00800412                RESPONSE_BUFFER
                0x00800476                copy_RESPONSE_BUFFER
                0x008004da                RX_DATA
                0x008004db                PROVIDE (__bss_end, .)
                0x00006afe                __data_load_start = LOADADDR (.data)
                0x00006e1a                __data_load_end = (__data_load_start + SIZEOF (.data))

.noinit         0x008004db        0x0
                0x008004db                PROVIDE (__noinit_start, .)
 *(.noinit*)
                0x008004db                PROVIDE (__noinit_end, .)
                0x008004db                _end = .
                0x008004db                PROVIDE (__heap_start, .)

.eeprom         0x00810000        0x0
 *(.eeprom*)
                0x00810000                __eeprom_end = .

.fuse
 *(.fuse)
 *(.lfuse)
 *(.hfuse)
 *(.efuse)

.lock
 *(.lock*)

.signature
 *(.signature*)

.stab           0x00000000     0x765c
 *(.stab)
 .stab          0x00000000      0x768 ./MCAL/UART/UART_prg.o
 .stab          0x00000768      0x5e8 ./MCAL/Timer1/TIMER1_prg.o
                                0x864 (size before relaxing)
 .stab          0x00000d50      0x804 ./MCAL/Timer0/TIMER0_prg.o
                                0xa14 (size before relaxing)
 .stab          0x00001554      0x330 ./MCAL/PORT/Port_prg.o
                                0x3a8 (size before relaxing)
 .stab          0x00001884      0x150 ./MCAL/Global_Interrupt/GI_prg.o
                                0x1d4 (size before relaxing)
 .stab          0x000019d4      0x36c ./MCAL/EXTI/EXTI_prg.o
                                0x594 (size before relaxing)
 .stab          0x00001d40      0x510 ./MCAL/DIO/Dio_prg.o
                                0x588 (size before relaxing)
 .stab          0x00002250      0x57c ./MCAL/ADC/ADC_prg.o
                                0x7bc (size before relaxing)
 .stab          0x000027cc      0x924 ./HAL/MQTT/MQTT.o
                                0xb4c (size before relaxing)
 .stab          0x000030f0      0x264 ./HAL/LM35/LM35_prg.o
                                0x2dc (size before relaxing)
 .stab          0x00003354      0x270 ./HAL/LED/LED_prg.o
                                0x300 (size before relaxing)
 .stab          0x000035c4      0x180 ./HAL/LDR/LDR_prg.o
                                0x2a0 (size before relaxing)
 .stab          0x00003744      0xc48 ./HAL/LCD/LCD_prg.o
                                0xeb8 (size before relaxing)
 .stab          0x0000438c     0x1368 ./HAL/ESP8266/ESP8266_prg.o
                               0x1668 (size before relaxing)
 .stab          0x000056f4      0x288 ./HAL/DC_Motor/DC_MOTOR_prg.o
                                0x36c (size before relaxing)
 .stab          0x0000597c       0xf0 ./CONFIG/ADC_Lcfg.o
                                0x1a4 (size before relaxing)
 .stab          0x00005a6c       0xd8 ./CONFIG/Dio_Lcfg.o
                                 0xe4 (size before relaxing)
 .stab          0x00005b44       0xd8 ./CONFIG/ESP8266_Lcfg.o
                                 0xe4 (size before relaxing)
 .stab          0x00005c1c       0xd8 ./CONFIG/EXTI_Lcfg.o
                                 0xe4 (size before relaxing)
 .stab          0x00005cf4       0xd8 ./CONFIG/LCD_Lcfg.o
                                 0xe4 (size before relaxing)
 .stab          0x00005dcc       0xf0 ./CONFIG/LDR_Lcfg.o
                                0x1a4 (size before relaxing)
 .stab          0x00005ebc       0xd8 ./CONFIG/LED_Lcfg.o
                                 0xe4 (size before relaxing)
 .stab          0x00005f94      0x210 ./CONFIG/Port_Lcfg.o
                                0x21c (size before relaxing)
 .stab          0x000061a4      0x120 ./CONFIG/TIEMR1_Lcfg.o
                                0x21c (size before relaxing)
 .stab          0x000062c4       0xd8 ./CONFIG/TIMER0_Lcfg.o
                                 0xe4 (size before relaxing)
 .stab          0x0000639c      0x1d4 ./CONFIG/UART_Lcfg.o
                                0x24c (size before relaxing)
 .stab          0x00006570      0xf6c ./APP/app.o
                               0x126c (size before relaxing)
 .stab          0x000074dc      0x180 ./APP/main.o
                                0x2f4 (size before relaxing)

.stabstr        0x00000000     0x62dc
 *(.stabstr)
 .stabstr       0x00000000     0x62dc ./MCAL/UART/UART_prg.o

.stab.excl
 *(.stab.excl)

.stab.exclstr
 *(.stab.exclstr)

.stab.index
 *(.stab.index)

.stab.indexstr
 *(.stab.indexstr)

.comment
 *(.comment)

.debug
 *(.debug)

.line
 *(.line)

.debug_srcinfo
 *(.debug_srcinfo)

.debug_sfnames
 *(.debug_sfnames)

.debug_aranges  0x00000000      0x1a0
 *(.debug_aranges)
 .debug_aranges
                0x00000000       0x20 c:/winavr-20100110/bin/../lib/gcc/avr/4.3.3/avr5\libgcc.a(_fixunssfsi.o)
 .debug_aranges
                0x00000020       0x20 c:/winavr-20100110/bin/../lib/gcc/avr/4.3.3/avr5\libgcc.a(_addsub_sf.o)
 .debug_aranges
                0x00000040       0x20 c:/winavr-20100110/bin/../lib/gcc/avr/4.3.3/avr5\libgcc.a(_mul_sf.o)
 .debug_aranges
                0x00000060       0x20 c:/winavr-20100110/bin/../lib/gcc/avr/4.3.3/avr5\libgcc.a(_div_sf.o)
 .debug_aranges
                0x00000080       0x20 c:/winavr-20100110/bin/../lib/gcc/avr/4.3.3/avr5\libgcc.a(_gt_sf.o)
 .debug_aranges
                0x000000a0       0x20 c:/winavr-20100110/bin/../lib/gcc/avr/4.3.3/avr5\libgcc.a(_ge_sf.o)
 .debug_aranges
                0x000000c0       0x20 c:/winavr-20100110/bin/../lib/gcc/avr/4.3.3/avr5\libgcc.a(_lt_sf.o)
 .debug_aranges
                0x000000e0       0x20 c:/winavr-20100110/bin/../lib/gcc/avr/4.3.3/avr5\libgcc.a(_sf_to_si.o)
 .debug_aranges
                0x00000100       0x20 c:/winavr-20100110/bin/../lib/gcc/avr/4.3.3/avr5\libgcc.a(_usi_to_sf.o)
 .debug_aranges
                0x00000120       0x20 c:/winavr-20100110/bin/../lib/gcc/avr/4.3.3/avr5\libgcc.a(_clzsi2.o)
 .debug_aranges
                0x00000140       0x20 c:/winavr-20100110/bin/../lib/gcc/avr/4.3.3/avr5\libgcc.a(_pack_sf.o)
 .debug_aranges
                0x00000160       0x20 c:/winavr-20100110/bin/../lib/gcc/avr/4.3.3/avr5\libgcc.a(_unpack_sf.o)
 .debug_aranges
                0x00000180       0x20 c:/winavr-20100110/bin/../lib/gcc/avr/4.3.3/avr5\libgcc.a(_fpcmp_parts_sf.o)

.debug_pubnames
                0x00000000      0x1f2
 *(.debug_pubnames)
 .debug_pubnames
                0x00000000       0x23 c:/winavr-20100110/bin/../lib/gcc/avr/4.3.3/avr5\libgcc.a(_fixunssfsi.o)
 .debug_pubnames
                0x00000023       0x2c c:/winavr-20100110/bin/../lib/gcc/avr/4.3.3/avr5\libgcc.a(_addsub_sf.o)
 .debug_pubnames
                0x0000004f       0x1f c:/winavr-20100110/bin/../lib/gcc/avr/4.3.3/avr5\libgcc.a(_mul_sf.o)
 .debug_pubnames
                0x0000006e       0x1f c:/winavr-20100110/bin/../lib/gcc/avr/4.3.3/avr5\libgcc.a(_div_sf.o)
 .debug_pubnames
                0x0000008d       0x1e c:/winavr-20100110/bin/../lib/gcc/avr/4.3.3/avr5\libgcc.a(_gt_sf.o)
 .debug_pubnames
                0x000000ab       0x1e c:/winavr-20100110/bin/../lib/gcc/avr/4.3.3/avr5\libgcc.a(_ge_sf.o)
 .debug_pubnames
                0x000000c9       0x1e c:/winavr-20100110/bin/../lib/gcc/avr/4.3.3/avr5\libgcc.a(_lt_sf.o)
 .debug_pubnames
                0x000000e7       0x20 c:/winavr-20100110/bin/../lib/gcc/avr/4.3.3/avr5\libgcc.a(_sf_to_si.o)
 .debug_pubnames
                0x00000107       0x22 c:/winavr-20100110/bin/../lib/gcc/avr/4.3.3/avr5\libgcc.a(_thenan_sf.o)
 .debug_pubnames
                0x00000129       0x24 c:/winavr-20100110/bin/../lib/gcc/avr/4.3.3/avr5\libgcc.a(_usi_to_sf.o)
 .debug_pubnames
                0x0000014d       0x1f c:/winavr-20100110/bin/../lib/gcc/avr/4.3.3/avr5\libgcc.a(_clzsi2.o)
 .debug_pubnames
                0x0000016c       0x1f c:/winavr-20100110/bin/../lib/gcc/avr/4.3.3/avr5\libgcc.a(_pack_sf.o)
 .debug_pubnames
                0x0000018b       0x21 c:/winavr-20100110/bin/../lib/gcc/avr/4.3.3/avr5\libgcc.a(_unpack_sf.o)
 .debug_pubnames
                0x000001ac       0x26 c:/winavr-20100110/bin/../lib/gcc/avr/4.3.3/avr5\libgcc.a(_fpcmp_parts_sf.o)
 .debug_pubnames
                0x000001d2       0x20 c:/winavr-20100110/bin/../lib/gcc/avr/4.3.3/avr5\libgcc.a(_clz.o)

.debug_info     0x00000000     0x240b
 *(.debug_info)
 .debug_info    0x00000000       0xb1 c:/winavr-20100110/bin/../lib/gcc/avr/4.3.3/avr5\libgcc.a(_fixunssfsi.o)
 .debug_info    0x000000b1      0x47a c:/winavr-20100110/bin/../lib/gcc/avr/4.3.3/avr5\libgcc.a(_addsub_sf.o)
 .debug_info    0x0000052b      0x485 c:/winavr-20100110/bin/../lib/gcc/avr/4.3.3/avr5\libgcc.a(_mul_sf.o)
 .debug_info    0x000009b0      0x3fc c:/winavr-20100110/bin/../lib/gcc/avr/4.3.3/avr5\libgcc.a(_div_sf.o)
 .debug_info    0x00000dac      0x27f c:/winavr-20100110/bin/../lib/gcc/avr/4.3.3/avr5\libgcc.a(_gt_sf.o)
 .debug_info    0x0000102b      0x27f c:/winavr-20100110/bin/../lib/gcc/avr/4.3.3/avr5\libgcc.a(_ge_sf.o)
 .debug_info    0x000012aa      0x27f c:/winavr-20100110/bin/../lib/gcc/avr/4.3.3/avr5\libgcc.a(_lt_sf.o)
 .debug_info    0x00001529      0x2b0 c:/winavr-20100110/bin/../lib/gcc/avr/4.3.3/avr5\libgcc.a(_sf_to_si.o)
 .debug_info    0x000017d9      0x12c c:/winavr-20100110/bin/../lib/gcc/avr/4.3.3/avr5\libgcc.a(_thenan_sf.o)
 .debug_info    0x00001905      0x206 c:/winavr-20100110/bin/../lib/gcc/avr/4.3.3/avr5\libgcc.a(_usi_to_sf.o)
 .debug_info    0x00001b0b      0x117 c:/winavr-20100110/bin/../lib/gcc/avr/4.3.3/avr5\libgcc.a(_clzsi2.o)
 .debug_info    0x00001c22      0x2df c:/winavr-20100110/bin/../lib/gcc/avr/4.3.3/avr5\libgcc.a(_pack_sf.o)
 .debug_info    0x00001f01      0x251 c:/winavr-20100110/bin/../lib/gcc/avr/4.3.3/avr5\libgcc.a(_unpack_sf.o)
 .debug_info    0x00002152      0x210 c:/winavr-20100110/bin/../lib/gcc/avr/4.3.3/avr5\libgcc.a(_fpcmp_parts_sf.o)
 .debug_info    0x00002362       0xa9 c:/winavr-20100110/bin/../lib/gcc/avr/4.3.3/avr5\libgcc.a(_clz.o)
 *(.gnu.linkonce.wi.*)

.debug_abbrev   0x00000000     0x1386
 *(.debug_abbrev)
 .debug_abbrev  0x00000000       0x5d c:/winavr-20100110/bin/../lib/gcc/avr/4.3.3/avr5\libgcc.a(_fixunssfsi.o)
 .debug_abbrev  0x0000005d      0x1ea c:/winavr-20100110/bin/../lib/gcc/avr/4.3.3/avr5\libgcc.a(_addsub_sf.o)
 .debug_abbrev  0x00000247      0x21b c:/winavr-20100110/bin/../lib/gcc/avr/4.3.3/avr5\libgcc.a(_mul_sf.o)
 .debug_abbrev  0x00000462      0x216 c:/winavr-20100110/bin/../lib/gcc/avr/4.3.3/avr5\libgcc.a(_div_sf.o)
 .debug_abbrev  0x00000678      0x15a c:/winavr-20100110/bin/../lib/gcc/avr/4.3.3/avr5\libgcc.a(_gt_sf.o)
 .debug_abbrev  0x000007d2      0x15a c:/winavr-20100110/bin/../lib/gcc/avr/4.3.3/avr5\libgcc.a(_ge_sf.o)
 .debug_abbrev  0x0000092c      0x15a c:/winavr-20100110/bin/../lib/gcc/avr/4.3.3/avr5\libgcc.a(_lt_sf.o)
 .debug_abbrev  0x00000a86      0x17f c:/winavr-20100110/bin/../lib/gcc/avr/4.3.3/avr5\libgcc.a(_sf_to_si.o)
 .debug_abbrev  0x00000c05       0xad c:/winavr-20100110/bin/../lib/gcc/avr/4.3.3/avr5\libgcc.a(_thenan_sf.o)
 .debug_abbrev  0x00000cb2      0x157 c:/winavr-20100110/bin/../lib/gcc/avr/4.3.3/avr5\libgcc.a(_usi_to_sf.o)
 .debug_abbrev  0x00000e09       0xc4 c:/winavr-20100110/bin/../lib/gcc/avr/4.3.3/avr5\libgcc.a(_clzsi2.o)
 .debug_abbrev  0x00000ecd      0x1c0 c:/winavr-20100110/bin/../lib/gcc/avr/4.3.3/avr5\libgcc.a(_pack_sf.o)
 .debug_abbrev  0x0000108d      0x154 c:/winavr-20100110/bin/../lib/gcc/avr/4.3.3/avr5\libgcc.a(_unpack_sf.o)
 .debug_abbrev  0x000011e1      0x13b c:/winavr-20100110/bin/../lib/gcc/avr/4.3.3/avr5\libgcc.a(_fpcmp_parts_sf.o)
 .debug_abbrev  0x0000131c       0x6a c:/winavr-20100110/bin/../lib/gcc/avr/4.3.3/avr5\libgcc.a(_clz.o)

.debug_line     0x00000000     0x11d6
 *(.debug_line)
 .debug_line    0x00000000       0xa7 c:/winavr-20100110/bin/../lib/gcc/avr/4.3.3/avr5\libgcc.a(_fixunssfsi.o)
 .debug_line    0x000000a7      0x2af c:/winavr-20100110/bin/../lib/gcc/avr/4.3.3/avr5\libgcc.a(_addsub_sf.o)
 .debug_line    0x00000356      0x239 c:/winavr-20100110/bin/../lib/gcc/avr/4.3.3/avr5\libgcc.a(_mul_sf.o)
 .debug_line    0x0000058f      0x1d5 c:/winavr-20100110/bin/../lib/gcc/avr/4.3.3/avr5\libgcc.a(_div_sf.o)
 .debug_line    0x00000764       0xd3 c:/winavr-20100110/bin/../lib/gcc/avr/4.3.3/avr5\libgcc.a(_gt_sf.o)
 .debug_line    0x00000837       0xd3 c:/winavr-20100110/bin/../lib/gcc/avr/4.3.3/avr5\libgcc.a(_ge_sf.o)
 .debug_line    0x0000090a       0xd3 c:/winavr-20100110/bin/../lib/gcc/avr/4.3.3/avr5\libgcc.a(_lt_sf.o)
 .debug_line    0x000009dd      0x109 c:/winavr-20100110/bin/../lib/gcc/avr/4.3.3/avr5\libgcc.a(_sf_to_si.o)
 .debug_line    0x00000ae6       0x90 c:/winavr-20100110/bin/../lib/gcc/avr/4.3.3/avr5\libgcc.a(_thenan_sf.o)
 .debug_line    0x00000b76      0x133 c:/winavr-20100110/bin/../lib/gcc/avr/4.3.3/avr5\libgcc.a(_usi_to_sf.o)
 .debug_line    0x00000ca9       0xa5 c:/winavr-20100110/bin/../lib/gcc/avr/4.3.3/avr5\libgcc.a(_clzsi2.o)
 .debug_line    0x00000d4e      0x18a c:/winavr-20100110/bin/../lib/gcc/avr/4.3.3/avr5\libgcc.a(_pack_sf.o)
 .debug_line    0x00000ed8      0x14b c:/winavr-20100110/bin/../lib/gcc/avr/4.3.3/avr5\libgcc.a(_unpack_sf.o)
 .debug_line    0x00001023      0x137 c:/winavr-20100110/bin/../lib/gcc/avr/4.3.3/avr5\libgcc.a(_fpcmp_parts_sf.o)
 .debug_line    0x0000115a       0x7c c:/winavr-20100110/bin/../lib/gcc/avr/4.3.3/avr5\libgcc.a(_clz.o)

.debug_frame    0x00000000      0x1c0
 *(.debug_frame)
 .debug_frame   0x00000000       0x20 c:/winavr-20100110/bin/../lib/gcc/avr/4.3.3/avr5\libgcc.a(_fixunssfsi.o)
 .debug_frame   0x00000020       0x40 c:/winavr-20100110/bin/../lib/gcc/avr/4.3.3/avr5\libgcc.a(_addsub_sf.o)
 .debug_frame   0x00000060       0x20 c:/winavr-20100110/bin/../lib/gcc/avr/4.3.3/avr5\libgcc.a(_mul_sf.o)
 .debug_frame   0x00000080       0x20 c:/winavr-20100110/bin/../lib/gcc/avr/4.3.3/avr5\libgcc.a(_div_sf.o)
 .debug_frame   0x000000a0       0x20 c:/winavr-20100110/bin/../lib/gcc/avr/4.3.3/avr5\libgcc.a(_gt_sf.o)
 .debug_frame   0x000000c0       0x20 c:/winavr-20100110/bin/../lib/gcc/avr/4.3.3/avr5\libgcc.a(_ge_sf.o)
 .debug_frame   0x000000e0       0x20 c:/winavr-20100110/bin/../lib/gcc/avr/4.3.3/avr5\libgcc.a(_lt_sf.o)
 .debug_frame   0x00000100       0x20 c:/winavr-20100110/bin/../lib/gcc/avr/4.3.3/avr5\libgcc.a(_sf_to_si.o)
 .debug_frame   0x00000120       0x20 c:/winavr-20100110/bin/../lib/gcc/avr/4.3.3/avr5\libgcc.a(_usi_to_sf.o)
 .debug_frame   0x00000140       0x20 c:/winavr-20100110/bin/../lib/gcc/avr/4.3.3/avr5\libgcc.a(_clzsi2.o)
 .debug_frame   0x00000160       0x20 c:/winavr-20100110/bin/../lib/gcc/avr/4.3.3/avr5\libgcc.a(_pack_sf.o)
 .debug_frame   0x00000180       0x20 c:/winavr-20100110/bin/../lib/gcc/avr/4.3.3/avr5\libgcc.a(_unpack_sf.o)
 .debug_frame   0x000001a0       0x20 c:/winavr-20100110/bin/../lib/gcc/avr/4.3.3/avr5\libgcc.a(_fpcmp_parts_sf.o)

.debug_str      0x00000000      0x2f6
 *(.debug_str)
 .debug_str     0x00000000       0xbf c:/winavr-20100110/bin/../lib/gcc/avr/4.3.3/avr5\libgcc.a(_fixunssfsi.o)
                                 0xfe (size before relaxing)
 .debug_str     0x000000bf      0x14d c:/winavr-20100110/bin/../lib/gcc/avr/4.3.3/avr5\libgcc.a(_addsub_sf.o)
                                0x206 (size before relaxing)
 .debug_str     0x0000020c       0x27 c:/winavr-20100110/bin/../lib/gcc/avr/4.3.3/avr5\libgcc.a(_mul_sf.o)
                                0x1bf (size before relaxing)
 .debug_str     0x00000233       0x35 c:/winavr-20100110/bin/../lib/gcc/avr/4.3.3/avr5\libgcc.a(_div_sf.o)
                                0x1c8 (size before relaxing)
 .debug_str     0x00000268        0x8 c:/winavr-20100110/bin/../lib/gcc/avr/4.3.3/avr5\libgcc.a(_gt_sf.o)
                                0x195 (size before relaxing)
 .debug_str     0x00000270        0x8 c:/winavr-20100110/bin/../lib/gcc/avr/4.3.3/avr5\libgcc.a(_ge_sf.o)
                                0x195 (size before relaxing)
 .debug_str     0x00000278        0x8 c:/winavr-20100110/bin/../lib/gcc/avr/4.3.3/avr5\libgcc.a(_lt_sf.o)
                                0x195 (size before relaxing)
 .debug_str     0x00000280        0xa c:/winavr-20100110/bin/../lib/gcc/avr/4.3.3/avr5\libgcc.a(_sf_to_si.o)
                                0x19e (size before relaxing)
 .debug_str     0x00000000      0x103 c:/winavr-20100110/bin/../lib/gcc/avr/4.3.3/avr5\libgcc.a(_thenan_sf.o)
 .debug_str     0x0000028a       0x21 c:/winavr-20100110/bin/../lib/gcc/avr/4.3.3/avr5\libgcc.a(_usi_to_sf.o)
                                0x177 (size before relaxing)
 .debug_str     0x000002ab       0x20 c:/winavr-20100110/bin/../lib/gcc/avr/4.3.3/avr5\libgcc.a(_clzsi2.o)
                                0x111 (size before relaxing)
 .debug_str     0x000002cb       0x10 c:/winavr-20100110/bin/../lib/gcc/avr/4.3.3/avr5\libgcc.a(_pack_sf.o)
                                0x19d (size before relaxing)
 .debug_str     0x000002db        0xb c:/winavr-20100110/bin/../lib/gcc/avr/4.3.3/avr5\libgcc.a(_unpack_sf.o)
                                0x17f (size before relaxing)
 .debug_str     0x000002e6       0x10 c:/winavr-20100110/bin/../lib/gcc/avr/4.3.3/avr5\libgcc.a(_fpcmp_parts_sf.o)
                                0x163 (size before relaxing)
 .debug_str     0x00000000       0xf4 c:/winavr-20100110/bin/../lib/gcc/avr/4.3.3/avr5\libgcc.a(_clz.o)

.debug_loc      0x00000000      0x96e
 *(.debug_loc)
 .debug_loc     0x00000000       0x34 c:/winavr-20100110/bin/../lib/gcc/avr/4.3.3/avr5\libgcc.a(_fixunssfsi.o)
 .debug_loc     0x00000034      0x32a c:/winavr-20100110/bin/../lib/gcc/avr/4.3.3/avr5\libgcc.a(_addsub_sf.o)
 .debug_loc     0x0000035e      0x104 c:/winavr-20100110/bin/../lib/gcc/avr/4.3.3/avr5\libgcc.a(_mul_sf.o)
 .debug_loc     0x00000462       0xc0 c:/winavr-20100110/bin/../lib/gcc/avr/4.3.3/avr5\libgcc.a(_div_sf.o)
 .debug_loc     0x00000522       0x3c c:/winavr-20100110/bin/../lib/gcc/avr/4.3.3/avr5\libgcc.a(_gt_sf.o)
 .debug_loc     0x0000055e       0x3c c:/winavr-20100110/bin/../lib/gcc/avr/4.3.3/avr5\libgcc.a(_ge_sf.o)
 .debug_loc     0x0000059a       0x3c c:/winavr-20100110/bin/../lib/gcc/avr/4.3.3/avr5\libgcc.a(_lt_sf.o)
 .debug_loc     0x000005d6       0x7e c:/winavr-20100110/bin/../lib/gcc/avr/4.3.3/avr5\libgcc.a(_sf_to_si.o)
 .debug_loc     0x00000654       0x4c c:/winavr-20100110/bin/../lib/gcc/avr/4.3.3/avr5\libgcc.a(_usi_to_sf.o)
 .debug_loc     0x000006a0       0x94 c:/winavr-20100110/bin/../lib/gcc/avr/4.3.3/avr5\libgcc.a(_clzsi2.o)
 .debug_loc     0x00000734      0x13e c:/winavr-20100110/bin/../lib/gcc/avr/4.3.3/avr5\libgcc.a(_pack_sf.o)
 .debug_loc     0x00000872       0xac c:/winavr-20100110/bin/../lib/gcc/avr/4.3.3/avr5\libgcc.a(_unpack_sf.o)
 .debug_loc     0x0000091e       0x50 c:/winavr-20100110/bin/../lib/gcc/avr/4.3.3/avr5\libgcc.a(_fpcmp_parts_sf.o)

.debug_macinfo
 *(.debug_macinfo)
OUTPUT(SmartHomeECU2.elf elf32-avr)
LOAD linker stubs

.debug_ranges   0x00000000       0x50
 .debug_ranges  0x00000000       0x50 c:/winavr-20100110/bin/../lib/gcc/avr/4.3.3/avr5\libgcc.a(_mul_sf.o)
